// Jest Snapshot v1, https://goo.gl/fbAQLP

exports[`renders navbar component snapshot 1`] = `
<DocumentFragment>
  <nav>
    <h1>
      Math Magicians
    </h1>
    <ul
      class="nav__links"
    >
      <li>
         
        <a
          aria-current="page"
          class="active__link"
          href="/"
        >
          Home
        </a>
      </li>
      <li>
         
        <a
          href="/calculator"
        >
          Calculator
        </a>
      </li>
      <li>
         
        <a
          href="/quote"
        >
          Quote
        </a>
      </li>
    </ul>
  </nav>
</DocumentFragment>
`;
